Execution File:   /users/zackng03/IDT/experiments/workloads/SPEC/app/638.imagick_s/run/run_base_refspeed_gcc-baseline-o2-m64.0000/imagick_s_base.gcc-baseline-o2-m64
Num of Programs:  15
Program Path:     /users/zackng03/IDT/experiments/workloads/SPEC/app/638.imagick_s/run/run_base_refspeed_gcc-baseline-o2-m64.0000/
Progarm Options:  /users/zackng03/IDT/experiments/workloads/SPEC/app/638.imagick_s/run/run_base_refspeed_gcc-baseline-o2-m64.0000/imagick_s_base.gcc-baseline-o2-m64
i:1, argv[5]:-limit
option1:-limit
i:2, argv[6]:disk
option2:disk
i:3, argv[7]:0
option3:0
i:4, argv[8]:refspeed_input.tga
option4:refspeed_input.tga
i:5, argv[9]:-resize
option5:-resize
i:6, argv[10]:817%
option6:817%
i:7, argv[11]:-rotate
option7:-rotate
i:8, argv[12]:-2.76
option8:-2.76
i:9, argv[13]:-shave
option9:-shave
i:10, argv[14]:540x375
option10:540x375
i:11, argv[15]:-alpha
option11:-alpha
i:12, argv[16]:remove
option12:remove
i:13, argv[17]:-auto-level
option13:-auto-level
i:14, argv[18]:-contrast-stretch
option14:-contrast-stretch
i:15, argv[19]:1x1%
option15:1x1%
i:16, argv[20]:-colorspace
option16:-colorspace
i:17, argv[21]:Lab
option17:Lab
i:18, argv[22]:-channel
option18:-channel
i:19, argv[23]:R
option19:R
i:20, argv[24]:-equalize
option20:-equalize
i:21, argv[25]:+channel
option21:+channel
i:22, argv[26]:-colorspace
option22:-colorspace
i:23, argv[27]:sRGB
option23:sRGB
i:24, argv[28]:-define
option24:-define
i:25, argv[29]:histogram:unique-colors=false
option25:histogram:unique-colors=false
i:26, argv[30]:-adaptive-blur
option26:-adaptive-blur
i:27, argv[31]:0x5
option27:0x5
i:28, argv[32]:-despeckle
option28:-despeckle
i:29, argv[33]:-auto-gamma
option29:-auto-gamma
i:30, argv[34]:-adaptive-sharpen
option30:-adaptive-sharpen
i:31, argv[35]:55
option31:55
i:32, argv[36]:-enhance
option32:-enhance
i:33, argv[37]:-brightness-contrast
option33:-brightness-contrast
i:34, argv[38]:10x10
option34:10x10
i:35, argv[39]:-resize
option35:-resize
i:36, argv[40]:30%
option36:30%
i:37, argv[41]:refspeed_output.tga
option37:refspeed_output.tga
tmp_node: 0
Local DRAM Allocation
Core: 0
Directory [0]:   /users/zackng03/IDT/experiments/workloads/SPEC/app/638.imagick_s/run/run_base_refspeed_gcc-baseline-o2-m64.0000/
exe_path: /users/zackng03/IDT/experiments/workloads/SPEC/app/638.imagick_s/run/run_base_refspeed_gcc-baseline-o2-m64.0000/imagick_s_base.gcc-baseline-o2-m64
Core: 1
Directory [1]:   /users/zackng03/IDT/experiments/workloads/SPEC/app/638.imagick_s/run/run_base_refspeed_gcc-baseline-o2-m64.0000/
exe_path: /users/zackng03/IDT/experiments/workloads/SPEC/app/638.imagick_s/run/run_base_refspeed_gcc-baseline-o2-m64.0000/imagick_s_base.gcc-baseline-o2-m64
Core: 2
Directory [2]:   /users/zackng03/IDT/experiments/workloads/SPEC/app/638.imagick_s/run/run_base_refspeed_gcc-baseline-o2-m64.0000/
exe_path: /users/zackng03/IDT/experiments/workloads/SPEC/app/638.imagick_s/run/run_base_refspeed_gcc-baseline-o2-m64.0000/imagick_s_base.gcc-baseline-o2-m64
Core: 3
Directory [3]:   /users/zackng03/IDT/experiments/workloads/SPEC/app/638.imagick_s/run/run_base_refspeed_gcc-baseline-o2-m64.0000/
exe_path: /users/zackng03/IDT/experiments/workloads/SPEC/app/638.imagick_s/run/run_base_refspeed_gcc-baseline-o2-m64.0000/imagick_s_base.gcc-baseline-o2-m64
Core: 4
Directory [4]:   /users/zackng03/IDT/experiments/workloads/SPEC/app/638.imagick_s/run/run_base_refspeed_gcc-baseline-o2-m64.0000/
exe_path: /users/zackng03/IDT/experiments/workloads/SPEC/app/638.imagick_s/run/run_base_refspeed_gcc-baseline-o2-m64.0000/imagick_s_base.gcc-baseline-o2-m64
Core: 5
Directory [5]:   /users/zackng03/IDT/experiments/workloads/SPEC/app/638.imagick_s/run/run_base_refspeed_gcc-baseline-o2-m64.0000/
exe_path: /users/zackng03/IDT/experiments/workloads/SPEC/app/638.imagick_s/run/run_base_refspeed_gcc-baseline-o2-m64.0000/imagick_s_base.gcc-baseline-o2-m64
Core: 6
Directory [6]:   /users/zackng03/IDT/experiments/workloads/SPEC/app/638.imagick_s/run/run_base_refspeed_gcc-baseline-o2-m64.0000/
exe_path: /users/zackng03/IDT/experiments/workloads/SPEC/app/638.imagick_s/run/run_base_refspeed_gcc-baseline-o2-m64.0000/imagick_s_base.gcc-baseline-o2-m64
Core: 7
Directory [7]:   /users/zackng03/IDT/experiments/workloads/SPEC/app/638.imagick_s/run/run_base_refspeed_gcc-baseline-o2-m64.0000/
exe_path: /users/zackng03/IDT/experiments/workloads/SPEC/app/638.imagick_s/run/run_base_refspeed_gcc-baseline-o2-m64.0000/imagick_s_base.gcc-baseline-o2-m64
Core: 8
Directory [8]:   /users/zackng03/IDT/experiments/workloads/SPEC/app/638.imagick_s/run/run_base_refspeed_gcc-baseline-o2-m64.0000/
exe_path: /users/zackng03/IDT/experiments/workloads/SPEC/app/638.imagick_s/run/run_base_refspeed_gcc-baseline-o2-m64.0000/imagick_s_base.gcc-baseline-o2-m64
Core: 9
Directory [9]:   /users/zackng03/IDT/experiments/workloads/SPEC/app/638.imagick_s/run/run_base_refspeed_gcc-baseline-o2-m64.0000/
exe_path: /users/zackng03/IDT/experiments/workloads/SPEC/app/638.imagick_s/run/run_base_refspeed_gcc-baseline-o2-m64.0000/imagick_s_base.gcc-baseline-o2-m64
Core: 10
Directory [10]:   /users/zackng03/IDT/experiments/workloads/SPEC/app/638.imagick_s/run/run_base_refspeed_gcc-baseline-o2-m64.0000/
exe_path: /users/zackng03/IDT/experiments/workloads/SPEC/app/638.imagick_s/run/run_base_refspeed_gcc-baseline-o2-m64.0000/imagick_s_base.gcc-baseline-o2-m64
Core: 11
Directory [11]:   /users/zackng03/IDT/experiments/workloads/SPEC/app/638.imagick_s/run/run_base_refspeed_gcc-baseline-o2-m64.0000/
exe_path: /users/zackng03/IDT/experiments/workloads/SPEC/app/638.imagick_s/run/run_base_refspeed_gcc-baseline-o2-m64.0000/imagick_s_base.gcc-baseline-o2-m64
Core: 12
Directory [12]:   /users/zackng03/IDT/experiments/workloads/SPEC/app/638.imagick_s/run/run_base_refspeed_gcc-baseline-o2-m64.0000/
exe_path: /users/zackng03/IDT/experiments/workloads/SPEC/app/638.imagick_s/run/run_base_refspeed_gcc-baseline-o2-m64.0000/imagick_s_base.gcc-baseline-o2-m64
Core: 13
Directory [13]:   /users/zackng03/IDT/experiments/workloads/SPEC/app/638.imagick_s/run/run_base_refspeed_gcc-baseline-o2-m64.0000/
exe_path: /users/zackng03/IDT/experiments/workloads/SPEC/app/638.imagick_s/run/run_base_refspeed_gcc-baseline-o2-m64.0000/imagick_s_base.gcc-baseline-o2-m64
Core: 14
Directory [14]:   /users/zackng03/IDT/experiments/workloads/SPEC/app/638.imagick_s/run/run_base_refspeed_gcc-baseline-o2-m64.0000/
exe_path: /users/zackng03/IDT/experiments/workloads/SPEC/app/638.imagick_s/run/run_base_refspeed_gcc-baseline-o2-m64.0000/imagick_s_base.gcc-baseline-o2-m64
Process Start
Process Start
Process Start
Process Start
Execution END: -1
Execution Time (6) => 711222.00 ns
d_gcc-baseline-o2-m64.0000/imagick_s_base.gcc-baseline-o2-m64
Core: 7
Directory [7]:   /users/zackng03/IDT/experiments/workloads/SPEC/app/638.imagick_s/run/run_base_refspeed_gcc-baseline-o2-m64.0000/
exe_path: /users/zackng03/IDT/experiments/workloads/SPEC/app/638.imagick_s/run/run_base_refspeed_gcc-baseline-o2-m64.0000/imagick_s_base.gcc-baseline-o2-m64
Core: 8
Directory [8]:   /users/zackng03/IDT/experiments/workloads/SPEC/app/638.imagick_s/run/run_base_refspeed_gcc-baseline-o2-m64.0000/
exe_path: /users/zackng03/IDT/experiments/workloads/SPEC/app/638.imagick_s/run/run_base_refspeed_gcc-baseline-o2-m64.0000/imagick_s_base.gcc-baseline-o2-m64
Core: 9
Directory [9]:   /users/zackng03/IDT/experiments/workloads/SPEC/app/638.imagick_s/run/run_base_refspeed_gcc-baseline-o2-m64.0000/
exe_path: /users/zackng03/IDT/experiments/workloads/SPEC/app/638.imagick_s/run/run_base_refspeed_gcc-baseline-o2-m64.0000/imagick_s_base.gcc-baseline-o2-m64
Core: 10
Directory [10]:   /users/zackng03/IDT/experiments/workloads/SPEC/app/638.imagick_s/run/run_base_refspeed_gcc-baseline-o2-m64.0000/
exe_path: /users/zackng03/IDT/experiments/workloads/SPEC/app/638.imagick_s/run/run_base_refspeed_gcc-baseline-o2-m64.0000/imagick_s_base.gcc-baseline-o2-m64
Core: 11
Directory [11]:   /users/zackng03/IDT/experiments/workloads/SPEC/app/638.imagick_s/run/run_base_refspeed_gcc-baseline-o2-m64.0000/
exe_path: /users/zackng03/IDT/experiments/workloads/SPEC/app/638.imagick_s/run/run_base_refspeed_gcc-baseline-o2-m64.0000/imagick_s_base.gcc-baseline-o2-m64
Core: 12
Directory [12]:   /users/zackng03/IDT/experiments/workloads/SPEC/app/638.imagick_s/run/run_base_refspeed_gcc-baseline-o2-m64.0000/
exe_path: /users/zackng03/IDT/experiments/workloads/SPEC/app/638.imagick_s/run/run_base_refspeed_gcc-baseline-o2-m64.0000/imagick_s_base.gcc-baseline-o2-m64
Core: 13
Directory [13]:   /users/zackng03/IDT/experiments/workloads/SPEC/app/638.imagick_s/run/run_base_refspeed_gcc-baseline-o2-m64.0000/
exe_path: /users/zackng03/IDT/experiments/workloads/SPEC/app/638.imagick_s/run/run_base_refspeed_gcc-baseline-o2-m64.0000/imagick_s_base.gcc-baseline-o2-m64
Core: 14
Directory [14]:   /users/zackng03/IDT/experiments/workloads/SPEC/app/638.imagick_s/run/run_base_refspeed_gcc-baseline-o2-m64.0000/
exe_path: /users/zackng03/IDT/experiments/workloads/SPEC/app/638.imagick_s/run/run_base_refspeed_gcc-baseline-o2-m64.0000/imagick_s_base.gcc-baseline-o2-m64
Process Start
Process Start
Process Start
Process Start
Execution END: -1
Execution Time (12) => 654647.00 ns
d_gcc-baseline-o2-m64.0000/imagick_s_base.gcc-baseline-o2-m64
Core: 7
Directory [7]:   /users/zackng03/IDT/experiments/workloads/SPEC/app/638.imagick_s/run/run_base_refspeed_gcc-baseline-o2-m64.0000/
exe_path: /users/zackng03/IDT/experiments/workloads/SPEC/app/638.imagick_s/run/run_base_refspeed_gcc-baseline-o2-m64.0000/imagick_s_base.gcc-baseline-o2-m64
Core: 8
Directory [8]:   /users/zackng03/IDT/experiments/workloads/SPEC/app/638.imagick_s/run/run_base_refspeed_gcc-baseline-o2-m64.0000/
exe_path: /users/zackng03/IDT/experiments/workloads/SPEC/app/638.imagick_s/run/run_base_refspeed_gcc-baseline-o2-m64.0000/imagick_s_base.gcc-baseline-o2-m64
Core: 9
Directory [9]:   /users/zackng03/IDT/experiments/workloads/SPEC/app/638.imagick_s/run/run_base_refspeed_gcc-baseline-o2-m64.0000/
exe_path: /users/zackng03/IDT/experiments/workloads/SPEC/app/638.imagick_s/run/run_base_refspeed_gcc-baseline-o2-m64.0000/imagick_s_base.gcc-baseline-o2-m64
Core: 10
Directory [10]:   /users/zackng03/IDT/experiments/workloads/SPEC/app/638.imagick_s/run/run_base_refspeed_gcc-baseline-o2-m64.0000/
exe_path: /users/zackng03/IDT/experiments/workloads/SPEC/app/638.imagick_s/run/run_base_refspeed_gcc-baseline-o2-m64.0000/imagick_s_base.gcc-baseline-o2-m64
Core: 11
Directory [11]:   /users/zackng03/IDT/experiments/workloads/SPEC/app/638.imagick_s/run/run_base_refspeed_gcc-baseline-o2-m64.0000/
exe_path: /users/zackng03/IDT/experiments/workloads/SPEC/app/638.imagick_s/run/run_base_refspeed_gcc-baseline-o2-m64.0000/imagick_s_base.gcc-baseline-o2-m64
Core: 12
Directory [12]:   /users/zackng03/IDT/experiments/workloads/SPEC/app/638.imagick_s/run/run_base_refspeed_gcc-baseline-o2-m64.0000/
exe_path: /users/zackng03/IDT/experiments/workloads/SPEC/app/638.imagick_s/run/run_base_refspeed_gcc-baseline-o2-m64.0000/imagick_s_base.gcc-baseline-o2-m64
Core: 13
Directory [13]:   /users/zackng03/IDT/experiments/workloads/SPEC/app/638.imagick_s/run/run_base_refspeed_gcc-baseline-o2-m64.0000/
exe_path: /users/zackng03/IDT/experiments/workloads/SPEC/app/638.imagick_s/run/run_base_refspeed_gcc-baseline-o2-m64.0000/imagick_s_base.gcc-baseline-o2-m64
Core: 14
Directory [14]:   /users/zackng03/IDT/experiments/workloads/SPEC/app/638.imagick_s/run/run_base_refspeed_gcc-baseline-o2-m64.0000/
exe_path: /users/zackng03/IDT/experiments/workloads/SPEC/app/638.imagick_s/run/run_base_refspeed_gcc-baseline-o2-m64.0000/imagick_s_base.gcc-baseline-o2-m64
Process Start
Process Start
Process Start
Process Start
Wait PID: 3867
Execution END: -1
Execution Time (0) => 1341009.00 ns
d_gcc-baseline-o2-m64.0000/imagick_s_base.gcc-baseline-o2-m64
Core: 7
Directory [7]:   /users/zackng03/IDT/experiments/workloads/SPEC/app/638.imagick_s/run/run_base_refspeed_gcc-baseline-o2-m64.0000/
exe_path: /users/zackng03/IDT/experiments/workloads/SPEC/app/638.imagick_s/run/run_base_refspeed_gcc-baseline-o2-m64.0000/imagick_s_base.gcc-baseline-o2-m64
Core: 8
Directory [8]:   /users/zackng03/IDT/experiments/workloads/SPEC/app/638.imagick_s/run/run_base_refspeed_gcc-baseline-o2-m64.0000/
exe_path: /users/zackng03/IDT/experiments/workloads/SPEC/app/638.imagick_s/run/run_base_refspeed_gcc-baseline-o2-m64.0000/imagick_s_base.gcc-baseline-o2-m64
Core: 9
Directory [9]:   /users/zackng03/IDT/experiments/workloads/SPEC/app/638.imagick_s/run/run_base_refspeed_gcc-baseline-o2-m64.0000/
exe_path: /users/zackng03/IDT/experiments/workloads/SPEC/app/638.imagick_s/run/run_base_refspeed_gcc-baseline-o2-m64.0000/imagick_s_base.gcc-baseline-o2-m64
Core: 10
Directory [10]:   /users/zackng03/IDT/experiments/workloads/SPEC/app/638.imagick_s/run/run_base_refspeed_gcc-baseline-o2-m64.0000/
exe_path: /users/zackng03/IDT/experiments/workloads/SPEC/app/638.imagick_s/run/run_base_refspeed_gcc-baseline-o2-m64.0000/imagick_s_base.gcc-baseline-o2-m64
Core: 11
Directory [11]:   /users/zackng03/IDT/experiments/workloads/SPEC/app/638.imagick_s/run/run_base_refspeed_gcc-baseline-o2-m64.0000/
exe_path: /users/zackng03/IDT/experiments/workloads/SPEC/app/638.imagick_s/run/run_base_refspeed_gcc-baseline-o2-m64.0000/imagick_s_base.gcc-baseline-o2-m64
Core: 12
Directory [12]:   /users/zackng03/IDT/experiments/workloads/SPEC/app/638.imagick_s/run/run_base_refspeed_gcc-baseline-o2-m64.0000/
exe_path: /users/zackng03/IDT/experiments/workloads/SPEC/app/638.imagick_s/run/run_base_refspeed_gcc-baseline-o2-m64.0000/imagick_s_base.gcc-baseline-o2-m64
Core: 13
Directory [13]:   /users/zackng03/IDT/experiments/workloads/SPEC/app/638.imagick_s/run/run_base_refspeed_gcc-baseline-o2-m64.0000/
exe_path: /users/zackng03/IDT/experiments/workloads/SPEC/app/638.imagick_s/run/run_base_refspeed_gcc-baseline-o2-m64.0000/imagick_s_base.gcc-baseline-o2-m64
Core: 14
Directory [14]:   /users/zackng03/IDT/experiments/workloads/SPEC/app/638.imagick_s/run/run_base_refspeed_gcc-baseline-o2-m64.0000/
exe_path: /users/zackng03/IDT/experiments/workloads/SPEC/app/638.imagick_s/run/run_base_refspeed_gcc-baseline-o2-m64.0000/imagick_s_base.gcc-baseline-o2-m64
Process Start
Process Start
Process Start
Process Start
Wait PID: 3867
Process Start
Execution Time (4) => 1434078.00 ns
Wait PID: 3868
Execution Time (12) => 1262807.00 ns
Process Start
Execution END: -1
Execution Time (18) => 1112774.00 ns
d_gcc-baseline-o2-m64.0000/imagick_s_base.gcc-baseline-o2-m64
Core: 7
Directory [7]:   /users/zackng03/IDT/experiments/workloads/SPEC/app/638.imagick_s/run/run_base_refspeed_gcc-baseline-o2-m64.0000/
exe_path: /users/zackng03/IDT/experiments/workloads/SPEC/app/638.imagick_s/run/run_base_refspeed_gcc-baseline-o2-m64.0000/imagick_s_base.gcc-baseline-o2-m64
Core: 8
Directory [8]:   /users/zackng03/IDT/experiments/workloads/SPEC/app/638.imagick_s/run/run_base_refspeed_gcc-baseline-o2-m64.0000/
exe_path: /users/zackng03/IDT/experiments/workloads/SPEC/app/638.imagick_s/run/run_base_refspeed_gcc-baseline-o2-m64.0000/imagick_s_base.gcc-baseline-o2-m64
Core: 9
Directory [9]:   /users/zackng03/IDT/experiments/workloads/SPEC/app/638.imagick_s/run/run_base_refspeed_gcc-baseline-o2-m64.0000/
exe_path: /users/zackng03/IDT/experiments/workloads/SPEC/app/638.imagick_s/run/run_base_refspeed_gcc-baseline-o2-m64.0000/imagick_s_base.gcc-baseline-o2-m64
Core: 10
Directory [10]:   /users/zackng03/IDT/experiments/workloads/SPEC/app/638.imagick_s/run/run_base_refspeed_gcc-baseline-o2-m64.0000/
exe_path: /users/zackng03/IDT/experiments/workloads/SPEC/app/638.imagick_s/run/run_base_refspeed_gcc-baseline-o2-m64.0000/imagick_s_base.gcc-baseline-o2-m64
Core: 11
Directory [11]:   /users/zackng03/IDT/experiments/workloads/SPEC/app/638.imagick_s/run/run_base_refspeed_gcc-baseline-o2-m64.0000/
exe_path: /users/zackng03/IDT/experiments/workloads/SPEC/app/638.imagick_s/run/run_base_refspeed_gcc-baseline-o2-m64.0000/imagick_s_base.gcc-baseline-o2-m64
Core: 12
Directory [12]:   /users/zackng03/IDT/experiments/workloads/SPEC/app/638.imagick_s/run/run_base_refspeed_gcc-baseline-o2-m64.0000/
exe_path: /users/zackng03/IDT/experiments/workloads/SPEC/app/638.imagick_s/run/run_base_refspeed_gcc-baseline-o2-m64.0000/imagick_s_base.gcc-baseline-o2-m64
Core: 13
Directory [13]:   /users/zackng03/IDT/experiments/workloads/SPEC/app/638.imagick_s/run/run_base_refspeed_gcc-baseline-o2-m64.0000/
exe_path: /users/zackng03/IDT/experiments/workloads/SPEC/app/638.imagick_s/run/run_base_refspeed_gcc-baseline-o2-m64.0000/imagick_s_base.gcc-baseline-o2-m64
Core: 14
Directory [14]:   /users/zackng03/IDT/experiments/workloads/SPEC/app/638.imagick_s/run/run_base_refspeed_gcc-baseline-o2-m64.0000/
exe_path: /users/zackng03/IDT/experiments/workloads/SPEC/app/638.imagick_s/run/run_base_refspeed_gcc-baseline-o2-m64.0000/imagick_s_base.gcc-baseline-o2-m64
Process Start
Process Start
Process Start
Process Start
Wait PID: 3867
Process Start
Execution Time (4) => 1434078.00 ns
Wait PID: 3868
Execution Time (12) => 1262807.00 ns
Process Start
Execution END: -1
Execution Time (10) => 2713492.00 ns
d_gcc-baseline-o2-m64.0000/imagick_s_base.gcc-baseline-o2-m64
Core: 7
Directory [7]:   /users/zackng03/IDT/experiments/workloads/SPEC/app/638.imagick_s/run/run_base_refspeed_gcc-baseline-o2-m64.0000/
exe_path: /users/zackng03/IDT/experiments/workloads/SPEC/app/638.imagick_s/run/run_base_refspeed_gcc-baseline-o2-m64.0000/imagick_s_base.gcc-baseline-o2-m64
Core: 8
Directory [8]:   /users/zackng03/IDT/experiments/workloads/SPEC/app/638.imagick_s/run/run_base_refspeed_gcc-baseline-o2-m64.0000/
exe_path: /users/zackng03/IDT/experiments/workloads/SPEC/app/638.imagick_s/run/run_base_refspeed_gcc-baseline-o2-m64.0000/imagick_s_base.gcc-baseline-o2-m64
Core: 9
Directory [9]:   /users/zackng03/IDT/experiments/workloads/SPEC/app/638.imagick_s/run/run_base_refspeed_gcc-baseline-o2-m64.0000/
exe_path: /users/zackng03/IDT/experiments/workloads/SPEC/app/638.imagick_s/run/run_base_refspeed_gcc-baseline-o2-m64.0000/imagick_s_base.gcc-baseline-o2-m64
Core: 10
Directory [10]:   /users/zackng03/IDT/experiments/workloads/SPEC/app/638.imagick_s/run/run_base_refspeed_gcc-baseline-o2-m64.0000/
exe_path: /users/zackng03/IDT/experiments/workloads/SPEC/app/638.imagick_s/run/run_base_refspeed_gcc-baseline-o2-m64.0000/imagick_s_base.gcc-baseline-o2-m64
Core: 11
Directory [11]:   /users/zackng03/IDT/experiments/workloads/SPEC/app/638.imagick_s/run/run_base_refspeed_gcc-baseline-o2-m64.0000/
exe_path: /users/zackng03/IDT/experiments/workloads/SPEC/app/638.imagick_s/run/run_base_refspeed_gcc-baseline-o2-m64.0000/imagick_s_base.gcc-baseline-o2-m64
Core: 12
Directory [12]:   /users/zackng03/IDT/experiments/workloads/SPEC/app/638.imagick_s/run/run_base_refspeed_gcc-baseline-o2-m64.0000/
exe_path: /users/zackng03/IDT/experiments/workloads/SPEC/app/638.imagick_s/run/run_base_refspeed_gcc-baseline-o2-m64.0000/imagick_s_base.gcc-baseline-o2-m64
Core: 13
Directory [13]:   /users/zackng03/IDT/experiments/workloads/SPEC/app/638.imagick_s/run/run_base_refspeed_gcc-baseline-o2-m64.0000/
exe_path: /users/zackng03/IDT/experiments/workloads/SPEC/app/638.imagick_s/run/run_base_refspeed_gcc-baseline-o2-m64.0000/imagick_s_base.gcc-baseline-o2-m64
Core: 14
Directory [14]:   /users/zackng03/IDT/experiments/workloads/SPEC/app/638.imagick_s/run/run_base_refspeed_gcc-baseline-o2-m64.0000/
exe_path: /users/zackng03/IDT/experiments/workloads/SPEC/app/638.imagick_s/run/run_base_refspeed_gcc-baseline-o2-m64.0000/imagick_s_base.gcc-baseline-o2-m64
Process Start
Process Start
Process Start
Process Start
Wait PID: 3867
Process Start
Execution Time (4) => 1434078.00 ns
Wait PID: 3868
Execution Time (12) => 1262807.00 ns
Process Start
Process Start
Wait PID: 3874
Wait PID: 3872
Execution END: -1
Execution Time (20) => 1706879.00 ns
d_gcc-baseline-o2-m64.0000/imagick_s_base.gcc-baseline-o2-m64
Core: 7
Directory [7]:   /users/zackng03/IDT/experiments/workloads/SPEC/app/638.imagick_s/run/run_base_refspeed_gcc-baseline-o2-m64.0000/
exe_path: /users/zackng03/IDT/experiments/workloads/SPEC/app/638.imagick_s/run/run_base_refspeed_gcc-baseline-o2-m64.0000/imagick_s_base.gcc-baseline-o2-m64
Core: 8
Directory [8]:   /users/zackng03/IDT/experiments/workloads/SPEC/app/638.imagick_s/run/run_base_refspeed_gcc-baseline-o2-m64.0000/
exe_path: /users/zackng03/IDT/experiments/workloads/SPEC/app/638.imagick_s/run/run_base_refspeed_gcc-baseline-o2-m64.0000/imagick_s_base.gcc-baseline-o2-m64
Core: 9
Directory [9]:   /users/zackng03/IDT/experiments/workloads/SPEC/app/638.imagick_s/run/run_base_refspeed_gcc-baseline-o2-m64.0000/
exe_path: /users/zackng03/IDT/experiments/workloads/SPEC/app/638.imagick_s/run/run_base_refspeed_gcc-baseline-o2-m64.0000/imagick_s_base.gcc-baseline-o2-m64
Core: 10
Directory [10]:   /users/zackng03/IDT/experiments/workloads/SPEC/app/638.imagick_s/run/run_base_refspeed_gcc-baseline-o2-m64.0000/
exe_path: /users/zackng03/IDT/experiments/workloads/SPEC/app/638.imagick_s/run/run_base_refspeed_gcc-baseline-o2-m64.0000/imagick_s_base.gcc-baseline-o2-m64
Core: 11
Directory [11]:   /users/zackng03/IDT/experiments/workloads/SPEC/app/638.imagick_s/run/run_base_refspeed_gcc-baseline-o2-m64.0000/
exe_path: /users/zackng03/IDT/experiments/workloads/SPEC/app/638.imagick_s/run/run_base_refspeed_gcc-baseline-o2-m64.0000/imagick_s_base.gcc-baseline-o2-m64
Core: 12
Directory [12]:   /users/zackng03/IDT/experiments/workloads/SPEC/app/638.imagick_s/run/run_base_refspeed_gcc-baseline-o2-m64.0000/
exe_path: /users/zackng03/IDT/experiments/workloads/SPEC/app/638.imagick_s/run/run_base_refspeed_gcc-baseline-o2-m64.0000/imagick_s_base.gcc-baseline-o2-m64
Core: 13
Directory [13]:   /users/zackng03/IDT/experiments/workloads/SPEC/app/638.imagick_s/run/run_base_refspeed_gcc-baseline-o2-m64.0000/
exe_path: /users/zackng03/IDT/experiments/workloads/SPEC/app/638.imagick_s/run/run_base_refspeed_gcc-baseline-o2-m64.0000/imagick_s_base.gcc-baseline-o2-m64
Core: 14
Directory [14]:   /users/zackng03/IDT/experiments/workloads/SPEC/app/638.imagick_s/run/run_base_refspeed_gcc-baseline-o2-m64.0000/
exe_path: /users/zackng03/IDT/experiments/workloads/SPEC/app/638.imagick_s/run/run_base_refspeed_gcc-baseline-o2-m64.0000/imagick_s_base.gcc-baseline-o2-m64
Process Start
Process Start
Process Start
Process Start
Wait PID: 3867
Process Start
Execution Time (4) => 1434078.00 ns
Wait PID: 3868
Execution Time (12) => 1262807.00 ns
Process Start
Process Start
Wait PID: 3874
Wait PID: 3872
Execution Time (16) => 1668053.00 ns
Wait PID: 3875
Execution Time (8) => 3130936.00 ns
Process Start
Execution END: -1
Execution Time (26) => 1508147.00 ns
d_gcc-baseline-o2-m64.0000/imagick_s_base.gcc-baseline-o2-m64
Core: 7
Directory [7]:   /users/zackng03/IDT/experiments/workloads/SPEC/app/638.imagick_s/run/run_base_refspeed_gcc-baseline-o2-m64.0000/
exe_path: /users/zackng03/IDT/experiments/workloads/SPEC/app/638.imagick_s/run/run_base_refspeed_gcc-baseline-o2-m64.0000/imagick_s_base.gcc-baseline-o2-m64
Core: 8
Directory [8]:   /users/zackng03/IDT/experiments/workloads/SPEC/app/638.imagick_s/run/run_base_refspeed_gcc-baseline-o2-m64.0000/
exe_path: /users/zackng03/IDT/experiments/workloads/SPEC/app/638.imagick_s/run/run_base_refspeed_gcc-baseline-o2-m64.0000/imagick_s_base.gcc-baseline-o2-m64
Core: 9
Directory [9]:   /users/zackng03/IDT/experiments/workloads/SPEC/app/638.imagick_s/run/run_base_refspeed_gcc-baseline-o2-m64.0000/
exe_path: /users/zackng03/IDT/experiments/workloads/SPEC/app/638.imagick_s/run/run_base_refspeed_gcc-baseline-o2-m64.0000/imagick_s_base.gcc-baseline-o2-m64
Core: 10
Directory [10]:   /users/zackng03/IDT/experiments/workloads/SPEC/app/638.imagick_s/run/run_base_refspeed_gcc-baseline-o2-m64.0000/
exe_path: /users/zackng03/IDT/experiments/workloads/SPEC/app/638.imagick_s/run/run_base_refspeed_gcc-baseline-o2-m64.0000/imagick_s_base.gcc-baseline-o2-m64
Core: 11
Directory [11]:   /users/zackng03/IDT/experiments/workloads/SPEC/app/638.imagick_s/run/run_base_refspeed_gcc-baseline-o2-m64.0000/
exe_path: /users/zackng03/IDT/experiments/workloads/SPEC/app/638.imagick_s/run/run_base_refspeed_gcc-baseline-o2-m64.0000/imagick_s_base.gcc-baseline-o2-m64
Core: 12
Directory [12]:   /users/zackng03/IDT/experiments/workloads/SPEC/app/638.imagick_s/run/run_base_refspeed_gcc-baseline-o2-m64.0000/
exe_path: /users/zackng03/IDT/experiments/workloads/SPEC/app/638.imagick_s/run/run_base_refspeed_gcc-baseline-o2-m64.0000/imagick_s_base.gcc-baseline-o2-m64
Core: 13
Directory [13]:   /users/zackng03/IDT/experiments/workloads/SPEC/app/638.imagick_s/run/run_base_refspeed_gcc-baseline-o2-m64.0000/
exe_path: /users/zackng03/IDT/experiments/workloads/SPEC/app/638.imagick_s/run/run_base_refspeed_gcc-baseline-o2-m64.0000/imagick_s_base.gcc-baseline-o2-m64
Core: 14
Directory [14]:   /users/zackng03/IDT/experiments/workloads/SPEC/app/638.imagick_s/run/run_base_refspeed_gcc-baseline-o2-m64.0000/
exe_path: /users/zackng03/IDT/experiments/workloads/SPEC/app/638.imagick_s/run/run_base_refspeed_gcc-baseline-o2-m64.0000/imagick_s_base.gcc-baseline-o2-m64
Process Start
Process Start
Process Start
Process Start
Wait PID: 3867
Process Start
Execution Time (4) => 1434078.00 ns
Wait PID: 3868
Execution Time (12) => 1262807.00 ns
Process Start
Process Start
Wait PID: 3874
Wait PID: 3872
Execution Time (16) => 1668053.00 ns
Wait PID: 3875
Execution Time (8) => 3130936.00 ns
Process Start
Execution Time (20) => 2082980.00 ns
Execution END: -1
Execution Time (30) => 1146974.00 ns
d_gcc-baseline-o2-m64.0000/imagick_s_base.gcc-baseline-o2-m64
Core: 7
Directory [7]:   /users/zackng03/IDT/experiments/workloads/SPEC/app/638.imagick_s/run/run_base_refspeed_gcc-baseline-o2-m64.0000/
exe_path: /users/zackng03/IDT/experiments/workloads/SPEC/app/638.imagick_s/run/run_base_refspeed_gcc-baseline-o2-m64.0000/imagick_s_base.gcc-baseline-o2-m64
Core: 8
Directory [8]:   /users/zackng03/IDT/experiments/workloads/SPEC/app/638.imagick_s/run/run_base_refspeed_gcc-baseline-o2-m64.0000/
exe_path: /users/zackng03/IDT/experiments/workloads/SPEC/app/638.imagick_s/run/run_base_refspeed_gcc-baseline-o2-m64.0000/imagick_s_base.gcc-baseline-o2-m64
Core: 9
Directory [9]:   /users/zackng03/IDT/experiments/workloads/SPEC/app/638.imagick_s/run/run_base_refspeed_gcc-baseline-o2-m64.0000/
exe_path: /users/zackng03/IDT/experiments/workloads/SPEC/app/638.imagick_s/run/run_base_refspeed_gcc-baseline-o2-m64.0000/imagick_s_base.gcc-baseline-o2-m64
Core: 10
Directory [10]:   /users/zackng03/IDT/experiments/workloads/SPEC/app/638.imagick_s/run/run_base_refspeed_gcc-baseline-o2-m64.0000/
exe_path: /users/zackng03/IDT/experiments/workloads/SPEC/app/638.imagick_s/run/run_base_refspeed_gcc-baseline-o2-m64.0000/imagick_s_base.gcc-baseline-o2-m64
Core: 11
Directory [11]:   /users/zackng03/IDT/experiments/workloads/SPEC/app/638.imagick_s/run/run_base_refspeed_gcc-baseline-o2-m64.0000/
exe_path: /users/zackng03/IDT/experiments/workloads/SPEC/app/638.imagick_s/run/run_base_refspeed_gcc-baseline-o2-m64.0000/imagick_s_base.gcc-baseline-o2-m64
Core: 12
Directory [12]:   /users/zackng03/IDT/experiments/workloads/SPEC/app/638.imagick_s/run/run_base_refspeed_gcc-baseline-o2-m64.0000/
exe_path: /users/zackng03/IDT/experiments/workloads/SPEC/app/638.imagick_s/run/run_base_refspeed_gcc-baseline-o2-m64.0000/imagick_s_base.gcc-baseline-o2-m64
Core: 13
Directory [13]:   /users/zackng03/IDT/experiments/workloads/SPEC/app/638.imagick_s/run/run_base_refspeed_gcc-baseline-o2-m64.0000/
exe_path: /users/zackng03/IDT/experiments/workloads/SPEC/app/638.imagick_s/run/run_base_refspeed_gcc-baseline-o2-m64.0000/imagick_s_base.gcc-baseline-o2-m64
Core: 14
Directory [14]:   /users/zackng03/IDT/experiments/workloads/SPEC/app/638.imagick_s/run/run_base_refspeed_gcc-baseline-o2-m64.0000/
exe_path: /users/zackng03/IDT/experiments/workloads/SPEC/app/638.imagick_s/run/run_base_refspeed_gcc-baseline-o2-m64.0000/imagick_s_base.gcc-baseline-o2-m64
Process Start
Process Start
Process Start
Process Start
Wait PID: 3867
Process Start
Execution Time (4) => 1434078.00 ns
Wait PID: 3868
Execution Time (12) => 1262807.00 ns
Process Start
Process Start
Wait PID: 3874
Wait PID: 3872
Execution Time (16) => 1668053.00 ns
Wait PID: 3875
Execution Time (8) => 3130936.00 ns
Process Start
Execution Time (20) => 2082980.00 ns
Process Start
Wait PID: 3877
Execution END: -1
Execution Time (32) => 975048.00 ns
d_gcc-baseline-o2-m64.0000/imagick_s_base.gcc-baseline-o2-m64
Core: 7
Directory [7]:   /users/zackng03/IDT/experiments/workloads/SPEC/app/638.imagick_s/run/run_base_refspeed_gcc-baseline-o2-m64.0000/
exe_path: /users/zackng03/IDT/experiments/workloads/SPEC/app/638.imagick_s/run/run_base_refspeed_gcc-baseline-o2-m64.0000/imagick_s_base.gcc-baseline-o2-m64
Core: 8
Directory [8]:   /users/zackng03/IDT/experiments/workloads/SPEC/app/638.imagick_s/run/run_base_refspeed_gcc-baseline-o2-m64.0000/
exe_path: /users/zackng03/IDT/experiments/workloads/SPEC/app/638.imagick_s/run/run_base_refspeed_gcc-baseline-o2-m64.0000/imagick_s_base.gcc-baseline-o2-m64
Core: 9
Directory [9]:   /users/zackng03/IDT/experiments/workloads/SPEC/app/638.imagick_s/run/run_base_refspeed_gcc-baseline-o2-m64.0000/
exe_path: /users/zackng03/IDT/experiments/workloads/SPEC/app/638.imagick_s/run/run_base_refspeed_gcc-baseline-o2-m64.0000/imagick_s_base.gcc-baseline-o2-m64
Core: 10
Directory [10]:   /users/zackng03/IDT/experiments/workloads/SPEC/app/638.imagick_s/run/run_base_refspeed_gcc-baseline-o2-m64.0000/
exe_path: /users/zackng03/IDT/experiments/workloads/SPEC/app/638.imagick_s/run/run_base_refspeed_gcc-baseline-o2-m64.0000/imagick_s_base.gcc-baseline-o2-m64
Core: 11
Directory [11]:   /users/zackng03/IDT/experiments/workloads/SPEC/app/638.imagick_s/run/run_base_refspeed_gcc-baseline-o2-m64.0000/
exe_path: /users/zackng03/IDT/experiments/workloads/SPEC/app/638.imagick_s/run/run_base_refspeed_gcc-baseline-o2-m64.0000/imagick_s_base.gcc-baseline-o2-m64
Core: 12
Directory [12]:   /users/zackng03/IDT/experiments/workloads/SPEC/app/638.imagick_s/run/run_base_refspeed_gcc-baseline-o2-m64.0000/
exe_path: /users/zackng03/IDT/experiments/workloads/SPEC/app/638.imagick_s/run/run_base_refspeed_gcc-baseline-o2-m64.0000/imagick_s_base.gcc-baseline-o2-m64
Core: 13
Directory [13]:   /users/zackng03/IDT/experiments/workloads/SPEC/app/638.imagick_s/run/run_base_refspeed_gcc-baseline-o2-m64.0000/
exe_path: /users/zackng03/IDT/experiments/workloads/SPEC/app/638.imagick_s/run/run_base_refspeed_gcc-baseline-o2-m64.0000/imagick_s_base.gcc-baseline-o2-m64
Core: 14
Directory [14]:   /users/zackng03/IDT/experiments/workloads/SPEC/app/638.imagick_s/run/run_base_refspeed_gcc-baseline-o2-m64.0000/
exe_path: /users/zackng03/IDT/experiments/workloads/SPEC/app/638.imagick_s/run/run_base_refspeed_gcc-baseline-o2-m64.0000/imagick_s_base.gcc-baseline-o2-m64
Process Start
Process Start
Process Start
Process Start
Wait PID: 3867
Process Start
Execution Time (4) => 1434078.00 ns
Wait PID: 3868
Execution Time (12) => 1262807.00 ns
Process Start
Process Start
Wait PID: 3874
Wait PID: 3872
Execution Time (16) => 1668053.00 ns
Wait PID: 3875
Execution Time (8) => 3130936.00 ns
Process Start
Execution Time (20) => 2082980.00 ns
Process Start
Wait PID: 3877
Execution Time (26) => 2012294.00 ns
Process Start
Wait PID: 3881
Process Start
Execution END: -1
Execution Time (38) => 994365.00 ns
d_gcc-baseline-o2-m64.0000/imagick_s_base.gcc-baseline-o2-m64
Core: 7
Directory [7]:   /users/zackng03/IDT/experiments/workloads/SPEC/app/638.imagick_s/run/run_base_refspeed_gcc-baseline-o2-m64.0000/
exe_path: /users/zackng03/IDT/experiments/workloads/SPEC/app/638.imagick_s/run/run_base_refspeed_gcc-baseline-o2-m64.0000/imagick_s_base.gcc-baseline-o2-m64
Core: 8
Directory [8]:   /users/zackng03/IDT/experiments/workloads/SPEC/app/638.imagick_s/run/run_base_refspeed_gcc-baseline-o2-m64.0000/
exe_path: /users/zackng03/IDT/experiments/workloads/SPEC/app/638.imagick_s/run/run_base_refspeed_gcc-baseline-o2-m64.0000/imagick_s_base.gcc-baseline-o2-m64
Core: 9
Directory [9]:   /users/zackng03/IDT/experiments/workloads/SPEC/app/638.imagick_s/run/run_base_refspeed_gcc-baseline-o2-m64.0000/
exe_path: /users/zackng03/IDT/experiments/workloads/SPEC/app/638.imagick_s/run/run_base_refspeed_gcc-baseline-o2-m64.0000/imagick_s_base.gcc-baseline-o2-m64
Core: 10
Directory [10]:   /users/zackng03/IDT/experiments/workloads/SPEC/app/638.imagick_s/run/run_base_refspeed_gcc-baseline-o2-m64.0000/
exe_path: /users/zackng03/IDT/experiments/workloads/SPEC/app/638.imagick_s/run/run_base_refspeed_gcc-baseline-o2-m64.0000/imagick_s_base.gcc-baseline-o2-m64
Core: 11
Directory [11]:   /users/zackng03/IDT/experiments/workloads/SPEC/app/638.imagick_s/run/run_base_refspeed_gcc-baseline-o2-m64.0000/
exe_path: /users/zackng03/IDT/experiments/workloads/SPEC/app/638.imagick_s/run/run_base_refspeed_gcc-baseline-o2-m64.0000/imagick_s_base.gcc-baseline-o2-m64
Core: 12
Directory [12]:   /users/zackng03/IDT/experiments/workloads/SPEC/app/638.imagick_s/run/run_base_refspeed_gcc-baseline-o2-m64.0000/
exe_path: /users/zackng03/IDT/experiments/workloads/SPEC/app/638.imagick_s/run/run_base_refspeed_gcc-baseline-o2-m64.0000/imagick_s_base.gcc-baseline-o2-m64
Core: 13
Directory [13]:   /users/zackng03/IDT/experiments/workloads/SPEC/app/638.imagick_s/run/run_base_refspeed_gcc-baseline-o2-m64.0000/
exe_path: /users/zackng03/IDT/experiments/workloads/SPEC/app/638.imagick_s/run/run_base_refspeed_gcc-baseline-o2-m64.0000/imagick_s_base.gcc-baseline-o2-m64
Core: 14
Directory [14]:   /users/zackng03/IDT/experiments/workloads/SPEC/app/638.imagick_s/run/run_base_refspeed_gcc-baseline-o2-m64.0000/
exe_path: /users/zackng03/IDT/experiments/workloads/SPEC/app/638.imagick_s/run/run_base_refspeed_gcc-baseline-o2-m64.0000/imagick_s_base.gcc-baseline-o2-m64
Process Start
Process Start
Process Start
Process Start
Wait PID: 3867
Process Start
Execution Time (4) => 1434078.00 ns
Wait PID: 3868
Execution Time (12) => 1262807.00 ns
Process Start
Process Start
Wait PID: 3874
Wait PID: 3872
Execution Time (16) => 1668053.00 ns
Wait PID: 3875
Execution Time (8) => 3130936.00 ns
Process Start
Execution Time (20) => 2082980.00 ns
Process Start
Wait PID: 3877
Execution Time (26) => 2012294.00 ns
Process Start
Wait PID: 3881
Process Start
Wait PID: 3883
Process Start
Execution END: -1
Execution Time (42) => 1229036.00 ns
d_gcc-baseline-o2-m64.0000/imagick_s_base.gcc-baseline-o2-m64
Core: 7
Directory [7]:   /users/zackng03/IDT/experiments/workloads/SPEC/app/638.imagick_s/run/run_base_refspeed_gcc-baseline-o2-m64.0000/
exe_path: /users/zackng03/IDT/experiments/workloads/SPEC/app/638.imagick_s/run/run_base_refspeed_gcc-baseline-o2-m64.0000/imagick_s_base.gcc-baseline-o2-m64
Core: 8
Directory [8]:   /users/zackng03/IDT/experiments/workloads/SPEC/app/638.imagick_s/run/run_base_refspeed_gcc-baseline-o2-m64.0000/
exe_path: /users/zackng03/IDT/experiments/workloads/SPEC/app/638.imagick_s/run/run_base_refspeed_gcc-baseline-o2-m64.0000/imagick_s_base.gcc-baseline-o2-m64
Core: 9
Directory [9]:   /users/zackng03/IDT/experiments/workloads/SPEC/app/638.imagick_s/run/run_base_refspeed_gcc-baseline-o2-m64.0000/
exe_path: /users/zackng03/IDT/experiments/workloads/SPEC/app/638.imagick_s/run/run_base_refspeed_gcc-baseline-o2-m64.0000/imagick_s_base.gcc-baseline-o2-m64
Core: 10
Directory [10]:   /users/zackng03/IDT/experiments/workloads/SPEC/app/638.imagick_s/run/run_base_refspeed_gcc-baseline-o2-m64.0000/
exe_path: /users/zackng03/IDT/experiments/workloads/SPEC/app/638.imagick_s/run/run_base_refspeed_gcc-baseline-o2-m64.0000/imagick_s_base.gcc-baseline-o2-m64
Core: 11
Directory [11]:   /users/zackng03/IDT/experiments/workloads/SPEC/app/638.imagick_s/run/run_base_refspeed_gcc-baseline-o2-m64.0000/
exe_path: /users/zackng03/IDT/experiments/workloads/SPEC/app/638.imagick_s/run/run_base_refspeed_gcc-baseline-o2-m64.0000/imagick_s_base.gcc-baseline-o2-m64
Core: 12
Directory [12]:   /users/zackng03/IDT/experiments/workloads/SPEC/app/638.imagick_s/run/run_base_refspeed_gcc-baseline-o2-m64.0000/
exe_path: /users/zackng03/IDT/experiments/workloads/SPEC/app/638.imagick_s/run/run_base_refspeed_gcc-baseline-o2-m64.0000/imagick_s_base.gcc-baseline-o2-m64
Core: 13
Directory [13]:   /users/zackng03/IDT/experiments/workloads/SPEC/app/638.imagick_s/run/run_base_refspeed_gcc-baseline-o2-m64.0000/
exe_path: /users/zackng03/IDT/experiments/workloads/SPEC/app/638.imagick_s/run/run_base_refspeed_gcc-baseline-o2-m64.0000/imagick_s_base.gcc-baseline-o2-m64
Core: 14
Directory [14]:   /users/zackng03/IDT/experiments/workloads/SPEC/app/638.imagick_s/run/run_base_refspeed_gcc-baseline-o2-m64.0000/
exe_path: /users/zackng03/IDT/experiments/workloads/SPEC/app/638.imagick_s/run/run_base_refspeed_gcc-baseline-o2-m64.0000/imagick_s_base.gcc-baseline-o2-m64
Process Start
Process Start
Process Start
Process Start
Wait PID: 3867
Process Start
Execution Time (4) => 1434078.00 ns
Wait PID: 3868
Execution Time (12) => 1262807.00 ns
Process Start
Process Start
Wait PID: 3874
Wait PID: 3872
Execution Time (16) => 1668053.00 ns
Wait PID: 3875
Execution Time (8) => 3130936.00 ns
Process Start
Execution Time (20) => 2082980.00 ns
Process Start
Wait PID: 3877
Execution Time (26) => 2012294.00 ns
Process Start
Wait PID: 3881
Process Start
Wait PID: 3883
Process Start
Execution Time (32) => 1613508.00 ns
Wait PID: 3885
Wait PID: 3879
Execution Time (28) => 2676352.00 ns
Execution END: -1
Execution Time (44) => 824298.00 ns
d_gcc-baseline-o2-m64.0000/imagick_s_base.gcc-baseline-o2-m64
Core: 7
Directory [7]:   /users/zackng03/IDT/experiments/workloads/SPEC/app/638.imagick_s/run/run_base_refspeed_gcc-baseline-o2-m64.0000/
exe_path: /users/zackng03/IDT/experiments/workloads/SPEC/app/638.imagick_s/run/run_base_refspeed_gcc-baseline-o2-m64.0000/imagick_s_base.gcc-baseline-o2-m64
Core: 8
Directory [8]:   /users/zackng03/IDT/experiments/workloads/SPEC/app/638.imagick_s/run/run_base_refspeed_gcc-baseline-o2-m64.0000/
exe_path: /users/zackng03/IDT/experiments/workloads/SPEC/app/638.imagick_s/run/run_base_refspeed_gcc-baseline-o2-m64.0000/imagick_s_base.gcc-baseline-o2-m64
Core: 9
Directory [9]:   /users/zackng03/IDT/experiments/workloads/SPEC/app/638.imagick_s/run/run_base_refspeed_gcc-baseline-o2-m64.0000/
exe_path: /users/zackng03/IDT/experiments/workloads/SPEC/app/638.imagick_s/run/run_base_refspeed_gcc-baseline-o2-m64.0000/imagick_s_base.gcc-baseline-o2-m64
Core: 10
Directory [10]:   /users/zackng03/IDT/experiments/workloads/SPEC/app/638.imagick_s/run/run_base_refspeed_gcc-baseline-o2-m64.0000/
exe_path: /users/zackng03/IDT/experiments/workloads/SPEC/app/638.imagick_s/run/run_base_refspeed_gcc-baseline-o2-m64.0000/imagick_s_base.gcc-baseline-o2-m64
Core: 11
Directory [11]:   /users/zackng03/IDT/experiments/workloads/SPEC/app/638.imagick_s/run/run_base_refspeed_gcc-baseline-o2-m64.0000/
exe_path: /users/zackng03/IDT/experiments/workloads/SPEC/app/638.imagick_s/run/run_base_refspeed_gcc-baseline-o2-m64.0000/imagick_s_base.gcc-baseline-o2-m64
Core: 12
Directory [12]:   /users/zackng03/IDT/experiments/workloads/SPEC/app/638.imagick_s/run/run_base_refspeed_gcc-baseline-o2-m64.0000/
exe_path: /users/zackng03/IDT/experiments/workloads/SPEC/app/638.imagick_s/run/run_base_refspeed_gcc-baseline-o2-m64.0000/imagick_s_base.gcc-baseline-o2-m64
Core: 13
Directory [13]:   /users/zackng03/IDT/experiments/workloads/SPEC/app/638.imagick_s/run/run_base_refspeed_gcc-baseline-o2-m64.0000/
exe_path: /users/zackng03/IDT/experiments/workloads/SPEC/app/638.imagick_s/run/run_base_refspeed_gcc-baseline-o2-m64.0000/imagick_s_base.gcc-baseline-o2-m64
Core: 14
Directory [14]:   /users/zackng03/IDT/experiments/workloads/SPEC/app/638.imagick_s/run/run_base_refspeed_gcc-baseline-o2-m64.0000/
exe_path: /users/zackng03/IDT/experiments/workloads/SPEC/app/638.imagick_s/run/run_base_refspeed_gcc-baseline-o2-m64.0000/imagick_s_base.gcc-baseline-o2-m64
Process Start
Process Start
Process Start
Process Start
Wait PID: 3867
Process Start
Execution Time (4) => 1434078.00 ns
Wait PID: 3868
Execution Time (12) => 1262807.00 ns
Process Start
Process Start
Wait PID: 3874
Wait PID: 3872
Execution Time (16) => 1668053.00 ns
Wait PID: 3875
Execution Time (8) => 3130936.00 ns
Process Start
Execution Time (20) => 2082980.00 ns
Process Start
Wait PID: 3877
Execution Time (26) => 2012294.00 ns
Process Start
Wait PID: 3881
Process Start
Wait PID: 3883
Process Start
Execution Time (32) => 1613508.00 ns
Wait PID: 3885
Wait PID: 3879
Execution Time (28) => 2676352.00 ns
Process Start
Wait PID: 3887
Execution Time (36) => 1724428.00 ns
Wait PID: 3870
Execution Time (2) => 6474424.00 ns
Process Start
Execution END: -1
Execution Time (50) => 793692.00 ns
d_gcc-baseline-o2-m64.0000/imagick_s_base.gcc-baseline-o2-m64
Core: 7
Directory [7]:   /users/zackng03/IDT/experiments/workloads/SPEC/app/638.imagick_s/run/run_base_refspeed_gcc-baseline-o2-m64.0000/
exe_path: /users/zackng03/IDT/experiments/workloads/SPEC/app/638.imagick_s/run/run_base_refspeed_gcc-baseline-o2-m64.0000/imagick_s_base.gcc-baseline-o2-m64
Core: 8
Directory [8]:   /users/zackng03/IDT/experiments/workloads/SPEC/app/638.imagick_s/run/run_base_refspeed_gcc-baseline-o2-m64.0000/
exe_path: /users/zackng03/IDT/experiments/workloads/SPEC/app/638.imagick_s/run/run_base_refspeed_gcc-baseline-o2-m64.0000/imagick_s_base.gcc-baseline-o2-m64
Core: 9
Directory [9]:   /users/zackng03/IDT/experiments/workloads/SPEC/app/638.imagick_s/run/run_base_refspeed_gcc-baseline-o2-m64.0000/
exe_path: /users/zackng03/IDT/experiments/workloads/SPEC/app/638.imagick_s/run/run_base_refspeed_gcc-baseline-o2-m64.0000/imagick_s_base.gcc-baseline-o2-m64
Core: 10
Directory [10]:   /users/zackng03/IDT/experiments/workloads/SPEC/app/638.imagick_s/run/run_base_refspeed_gcc-baseline-o2-m64.0000/
exe_path: /users/zackng03/IDT/experiments/workloads/SPEC/app/638.imagick_s/run/run_base_refspeed_gcc-baseline-o2-m64.0000/imagick_s_base.gcc-baseline-o2-m64
Core: 11
Directory [11]:   /users/zackng03/IDT/experiments/workloads/SPEC/app/638.imagick_s/run/run_base_refspeed_gcc-baseline-o2-m64.0000/
exe_path: /users/zackng03/IDT/experiments/workloads/SPEC/app/638.imagick_s/run/run_base_refspeed_gcc-baseline-o2-m64.0000/imagick_s_base.gcc-baseline-o2-m64
Core: 12
Directory [12]:   /users/zackng03/IDT/experiments/workloads/SPEC/app/638.imagick_s/run/run_base_refspeed_gcc-baseline-o2-m64.0000/
exe_path: /users/zackng03/IDT/experiments/workloads/SPEC/app/638.imagick_s/run/run_base_refspeed_gcc-baseline-o2-m64.0000/imagick_s_base.gcc-baseline-o2-m64
Core: 13
Directory [13]:   /users/zackng03/IDT/experiments/workloads/SPEC/app/638.imagick_s/run/run_base_refspeed_gcc-baseline-o2-m64.0000/
exe_path: /users/zackng03/IDT/experiments/workloads/SPEC/app/638.imagick_s/run/run_base_refspeed_gcc-baseline-o2-m64.0000/imagick_s_base.gcc-baseline-o2-m64
Core: 14
Directory [14]:   /users/zackng03/IDT/experiments/workloads/SPEC/app/638.imagick_s/run/run_base_refspeed_gcc-baseline-o2-m64.0000/
exe_path: /users/zackng03/IDT/experiments/workloads/SPEC/app/638.imagick_s/run/run_base_refspeed_gcc-baseline-o2-m64.0000/imagick_s_base.gcc-baseline-o2-m64
Process Start
Process Start
Process Start
Process Start
Wait PID: 3867
Process Start
Execution Time (4) => 1434078.00 ns
Wait PID: 3868
Execution Time (12) => 1262807.00 ns
Process Start
Process Start
Wait PID: 3874
Wait PID: 3872
Execution Time (16) => 1668053.00 ns
Wait PID: 3875
Execution Time (8) => 3130936.00 ns
Process Start
Execution Time (20) => 2082980.00 ns
Process Start
Wait PID: 3877
Execution Time (26) => 2012294.00 ns
Process Start
Wait PID: 3881
Process Start
Wait PID: 3883
Process Start
Execution Time (32) => 1613508.00 ns
Wait PID: 3885
Wait PID: 3879
Execution Time (28) => 2676352.00 ns
Process Start
Wait PID: 3887
Execution Time (36) => 1724428.00 ns
Wait PID: 3870
Execution Time (2) => 6474424.00 ns
Process Start
Execution Time (40) => 1895550.00 ns
Process Start
Wait PID: 3890
Execution Time (44) => 1237921.00 ns
Execution END: -1
Execution Time (54) => 851300.00 ns
d_gcc-baseline-o2-m64.0000/imagick_s_base.gcc-baseline-o2-m64
Core: 7
Directory [7]:   /users/zackng03/IDT/experiments/workloads/SPEC/app/638.imagick_s/run/run_base_refspeed_gcc-baseline-o2-m64.0000/
exe_path: /users/zackng03/IDT/experiments/workloads/SPEC/app/638.imagick_s/run/run_base_refspeed_gcc-baseline-o2-m64.0000/imagick_s_base.gcc-baseline-o2-m64
Core: 8
Directory [8]:   /users/zackng03/IDT/experiments/workloads/SPEC/app/638.imagick_s/run/run_base_refspeed_gcc-baseline-o2-m64.0000/
exe_path: /users/zackng03/IDT/experiments/workloads/SPEC/app/638.imagick_s/run/run_base_refspeed_gcc-baseline-o2-m64.0000/imagick_s_base.gcc-baseline-o2-m64
Core: 9
Directory [9]:   /users/zackng03/IDT/experiments/workloads/SPEC/app/638.imagick_s/run/run_base_refspeed_gcc-baseline-o2-m64.0000/
exe_path: /users/zackng03/IDT/experiments/workloads/SPEC/app/638.imagick_s/run/run_base_refspeed_gcc-baseline-o2-m64.0000/imagick_s_base.gcc-baseline-o2-m64
Core: 10
Directory [10]:   /users/zackng03/IDT/experiments/workloads/SPEC/app/638.imagick_s/run/run_base_refspeed_gcc-baseline-o2-m64.0000/
exe_path: /users/zackng03/IDT/experiments/workloads/SPEC/app/638.imagick_s/run/run_base_refspeed_gcc-baseline-o2-m64.0000/imagick_s_base.gcc-baseline-o2-m64
Core: 11
Directory [11]:   /users/zackng03/IDT/experiments/workloads/SPEC/app/638.imagick_s/run/run_base_refspeed_gcc-baseline-o2-m64.0000/
exe_path: /users/zackng03/IDT/experiments/workloads/SPEC/app/638.imagick_s/run/run_base_refspeed_gcc-baseline-o2-m64.0000/imagick_s_base.gcc-baseline-o2-m64
Core: 12
Directory [12]:   /users/zackng03/IDT/experiments/workloads/SPEC/app/638.imagick_s/run/run_base_refspeed_gcc-baseline-o2-m64.0000/
exe_path: /users/zackng03/IDT/experiments/workloads/SPEC/app/638.imagick_s/run/run_base_refspeed_gcc-baseline-o2-m64.0000/imagick_s_base.gcc-baseline-o2-m64
Core: 13
Directory [13]:   /users/zackng03/IDT/experiments/workloads/SPEC/app/638.imagick_s/run/run_base_refspeed_gcc-baseline-o2-m64.0000/
exe_path: /users/zackng03/IDT/experiments/workloads/SPEC/app/638.imagick_s/run/run_base_refspeed_gcc-baseline-o2-m64.0000/imagick_s_base.gcc-baseline-o2-m64
Core: 14
Directory [14]:   /users/zackng03/IDT/experiments/workloads/SPEC/app/638.imagick_s/run/run_base_refspeed_gcc-baseline-o2-m64.0000/
exe_path: /users/zackng03/IDT/experiments/workloads/SPEC/app/638.imagick_s/run/run_base_refspeed_gcc-baseline-o2-m64.0000/imagick_s_base.gcc-baseline-o2-m64
Process Start
Process Start
Process Start
Process Start
Wait PID: 3867
Process Start
Execution Time (4) => 1434078.00 ns
Wait PID: 3868
Execution Time (12) => 1262807.00 ns
Process Start
Process Start
Wait PID: 3874
Wait PID: 3872
Execution Time (16) => 1668053.00 ns
Wait PID: 3875
Execution Time (8) => 3130936.00 ns
Process Start
Execution Time (20) => 2082980.00 ns
Process Start
Wait PID: 3877
Execution Time (26) => 2012294.00 ns
Process Start
Wait PID: 3881
Process Start
Wait PID: 3883
Process Start
Execution Time (32) => 1613508.00 ns
Wait PID: 3885
Wait PID: 3879
Execution Time (28) => 2676352.00 ns
Process Start
Wait PID: 3887
Execution Time (36) => 1724428.00 ns
Wait PID: 3870
Execution Time (2) => 6474424.00 ns
Process Start
Execution Time (40) => 1895550.00 ns
Process Start
Wait PID: 3890
Execution Time (44) => 1237921.00 ns
Wait PID: 3891
Execution END: -1
Execution Time (56) => 1095555.00 ns
d_gcc-baseline-o2-m64.0000/imagick_s_base.gcc-baseline-o2-m64
Core: 7
Directory [7]:   /users/zackng03/IDT/experiments/workloads/SPEC/app/638.imagick_s/run/run_base_refspeed_gcc-baseline-o2-m64.0000/
exe_path: /users/zackng03/IDT/experiments/workloads/SPEC/app/638.imagick_s/run/run_base_refspeed_gcc-baseline-o2-m64.0000/imagick_s_base.gcc-baseline-o2-m64
Core: 8
Directory [8]:   /users/zackng03/IDT/experiments/workloads/SPEC/app/638.imagick_s/run/run_base_refspeed_gcc-baseline-o2-m64.0000/
exe_path: /users/zackng03/IDT/experiments/workloads/SPEC/app/638.imagick_s/run/run_base_refspeed_gcc-baseline-o2-m64.0000/imagick_s_base.gcc-baseline-o2-m64
Core: 9
Directory [9]:   /users/zackng03/IDT/experiments/workloads/SPEC/app/638.imagick_s/run/run_base_refspeed_gcc-baseline-o2-m64.0000/
exe_path: /users/zackng03/IDT/experiments/workloads/SPEC/app/638.imagick_s/run/run_base_refspeed_gcc-baseline-o2-m64.0000/imagick_s_base.gcc-baseline-o2-m64
Core: 10
Directory [10]:   /users/zackng03/IDT/experiments/workloads/SPEC/app/638.imagick_s/run/run_base_refspeed_gcc-baseline-o2-m64.0000/
exe_path: /users/zackng03/IDT/experiments/workloads/SPEC/app/638.imagick_s/run/run_base_refspeed_gcc-baseline-o2-m64.0000/imagick_s_base.gcc-baseline-o2-m64
Core: 11
Directory [11]:   /users/zackng03/IDT/experiments/workloads/SPEC/app/638.imagick_s/run/run_base_refspeed_gcc-baseline-o2-m64.0000/
exe_path: /users/zackng03/IDT/experiments/workloads/SPEC/app/638.imagick_s/run/run_base_refspeed_gcc-baseline-o2-m64.0000/imagick_s_base.gcc-baseline-o2-m64
Core: 12
Directory [12]:   /users/zackng03/IDT/experiments/workloads/SPEC/app/638.imagick_s/run/run_base_refspeed_gcc-baseline-o2-m64.0000/
exe_path: /users/zackng03/IDT/experiments/workloads/SPEC/app/638.imagick_s/run/run_base_refspeed_gcc-baseline-o2-m64.0000/imagick_s_base.gcc-baseline-o2-m64
Core: 13
Directory [13]:   /users/zackng03/IDT/experiments/workloads/SPEC/app/638.imagick_s/run/run_base_refspeed_gcc-baseline-o2-m64.0000/
exe_path: /users/zackng03/IDT/experiments/workloads/SPEC/app/638.imagick_s/run/run_base_refspeed_gcc-baseline-o2-m64.0000/imagick_s_base.gcc-baseline-o2-m64
Core: 14
Directory [14]:   /users/zackng03/IDT/experiments/workloads/SPEC/app/638.imagick_s/run/run_base_refspeed_gcc-baseline-o2-m64.0000/
exe_path: /users/zackng03/IDT/experiments/workloads/SPEC/app/638.imagick_s/run/run_base_refspeed_gcc-baseline-o2-m64.0000/imagick_s_base.gcc-baseline-o2-m64
Process Start
Process Start
Process Start
Process Start
Wait PID: 3867
Process Start
Execution Time (4) => 1434078.00 ns
Wait PID: 3868
Execution Time (12) => 1262807.00 ns
Process Start
Process Start
Wait PID: 3874
Wait PID: 3872
Execution Time (16) => 1668053.00 ns
Wait PID: 3875
Execution Time (8) => 3130936.00 ns
Process Start
Execution Time (20) => 2082980.00 ns
Process Start
Wait PID: 3877
Execution Time (26) => 2012294.00 ns
Process Start
Wait PID: 3881
Process Start
Wait PID: 3883
Process Start
Execution Time (32) => 1613508.00 ns
Wait PID: 3885
Wait PID: 3879
Execution Time (28) => 2676352.00 ns
Process Start
Wait PID: 3887
Execution Time (36) => 1724428.00 ns
Wait PID: 3870
Execution Time (2) => 6474424.00 ns
Process Start
Execution Time (40) => 1895550.00 ns
Process Start
Wait PID: 3890
Execution Time (44) => 1237921.00 ns
Wait PID: 3891
Wait PID: 3892
Execution Time (48) => 1409642.00 ns
Execution Time (52) => 1428289.00 ns
Execution Time (56) => 1572979.00 ns
Full Command:  /users/zackng03/IDT/experiments/workloads/SPEC/second_wrapper 0 15 /users/zackng03/IDT/experiments/workloads/SPEC/app/638.imagick_s/run/run_base_refspeed_gcc-baseline-o2-m64.0000/ /users/zackng03/IDT/experiments/workloads/SPEC/app/638.imagick_s/run/run_base_refspeed_gcc-baseline-o2-m64.0000/imagick_s_base.gcc-baseline-o2-m64  -limit disk 0 refspeed_input.tga -resize 817% -rotate -2.76 -shave 540x375 -alpha remove -auto-level -contrast-stretch 1x1% -colorspace Lab -channel R -equalize +channel -colorspace sRGB -define histogram:unique-colors=false -adaptive-blur 0x5 -despeckle -auto-gamma -adaptive-sharpen 55 -enhance -brightness-contrast 10x10 -resize 30% refspeed_output.tga 
execution_time 0.11 (s)
